[Mon Aug 24 14:10:26 JST 2026] 学習バッチ判定: 未確認の公開記事 6 件
[Mon Aug 24 14:10:26 JST 2026] 学習バッチ開始（6 件）
Step 5 の報告です。Slack には投稿しません（指示どおり標準出力のみ）。

---

## 週次「編集差分から学ぶ」ジョブ 実行報告（2026-08-24）

**処理した記事**: 6本（差分あり）。うち観測を記録したのは **5本**、記録対象外 **1本**。

### 分類の内訳（記録した箇所）
差分は合計22箇所。うち執筆指示で防げる弱点として記録したのは以下。落としたのはURLだけの追記・画像キャプション・送り仮名/約物の表記ゆれ・人名ハイフンなど。

| 記事 | (A)既存ルールが守れていない | (B)ルール自体が無い |
|---|---|---|
| 黄金比 G-008 | 段落構成(ルール8)、冗長(ルール7) | — |
| Few-shot G-011 | 具体性の重複(ルール11)、数値不整合の疑い(ルール5) | セクション間の重複、関連用語の選び方 |
| 人工的希少性 G-066 | — | 語彙の現行化＋関連用語の表記 |
| 間欠強化 G-067 | 調子〜してしまう(ルール7) | 語彙の現行化＋関連用語の表記 |
| マタイ効果 G-074 | 見出しの口語化(ルール2) | 提唱者名の2度目以降、要約トピック文の重複、専門語の直訳 |
| トゥーピーの誤謬 G-068 | — | —（アポストロフィの約物ゆれのみ→記録対象外） |

- **(A) 既存ルールが守れていない**: 5件。段落分割・定義の先出し重複・具体例の重複・〜してしまう・見出しの口語化。指示はあるのに初稿で外している類。
- **(B) ルール自体が無い**: 6件。特に「セクションをまたぐ内容の繰り返し」と「ディセプティブデザインへの語彙現行化＋関連用語の英語括弧外し」が2記事以上で再発。

### 未反映の記事数
**5本すべて未反映**（G-008・G-011・G-066・G-067・G-074）。

### 改訂案
3本以上たまったので **`prompts/learned/proposal-2026-08-24.md` を作成**。2回以上observedされた2件に絞りました。

1. **セクションをまたいだ内容の繰り返しを止める**（3回observed／2記事）— 実務セクションに定義と同型の具体例を出さない・冒頭の結論文を次文の言い換えにしない、を polishing に追記する案。逐語の置き換え文つき。
2. **語彙の現行化と関連用語の表記（案）**— ダークパターン→ディセプティブデザイン、関連用語から英語括弧・訳注を外す。**語彙の好みに踏み込むため断定せず「案」で止めています。** 採否は人の判断待ち。

プロンプト本体は書き換えていません。反映するかどうかは proposal の「反映のしかた」に従って人が決めてください。
[Mon Aug 24 14:16:48 JST 2026] 学習バッチ成功・完了マーク作成: /Users/takahashi_yuya/workspace/article-creator/logs/learn-done-2026-W35.marker
